"MDYwBQYDK2VwAy0AMCowBQYDK2VwAyEAWYf8aJAuz0ZE/mx9grnw6VeBeo+fjFjaXSydPRmRUik="
