7O5PN75M415O685O4O05226M4LL3M26N20K6K1L3996M0150043L556ONK07245M2918452M22N7O103P9L4NO648P04P7O0M77O211K6ON9OMMMP3339M48N3NKK20M
