{
  "Algorithm": {
    "AlgorithmOid": "1.3.101.112",
    "ParametersOid": null
  },
  "PublicKey": "MDwwDAYKKwYBBAGDuEMBAgMsAAoAAAAAAAAABwEBpFHRgpuEPiqr3UnqWQZol4pzYSBnvd4LhQL4REUqdVg="
}
