{
  "Algorithm": {
    "AlgorithmOid": "1.2.840.10045.2.1",
    "ParametersOid": "1.3.132.0.10"
  },
  "PublicKey": "MDwwDAYKKwYBBAGDuEMBAgMsAAoAAAAAAAAABwEBpFHRgpuEPiqr3UnqWQZol4pzYSBnvd4LhQL4REUqdVg="
}
