using Token = EdjCase.ICP.Candid.Models.Principal;
using OrderId = System.UInt32;
using EdjCase.ICP.Agent.Agents;
using EdjCase.ICP.Candid.Models;
using EdjCase.ICP.Candid;
using Test;
using System.Threading.Tasks;
using System.Collections.Generic;
using EdjCase.ICP.Agent.Responses;

namespace Test
{
	public class DexApiClient
	{
		public IAgent Agent { get; }

		public Principal CanisterId { get; }

		public EdjCase.ICP.Candid.CandidConverter? Converter { get; }

		public DexApiClient(IAgent agent, Principal canisterId, CandidConverter? converter = default)
		{
			this.Agent = agent;
			this.CanisterId = canisterId;
			this.Converter = converter;
		}

		public async System.Threading.Tasks.Task<Models.CancelOrderReceipt> cancelOrder(OrderId arg0)
		{
			CandidArg arg = CandidArg.FromCandid(CandidTypedValue.FromObject(arg0));
			CandidArg reply = await this.Agent.CallAndWaitAsync(this.CanisterId, "cancelOrder", arg);
			return reply.ToObjects<Models.CancelOrderReceipt>(this.Converter);
		}

		public async Task clear()
		{
			CandidArg arg = CandidArg.FromCandid();
			await this.Agent.CallAsync(this.CanisterId, "clear", arg);
		}

		public async Task credit(Principal arg0, Token arg1, UnboundedUInt arg2)
		{
			CandidArg arg = CandidArg.FromCandid(CandidTypedValue.FromObject(arg0), CandidTypedValue.FromObject(arg1), CandidTypedValue.FromObject(arg2));
			await this.Agent.CallAsync(this.CanisterId, "credit", arg);
		}

		public async System.Threading.Tasks.Task<Models.DepositReceipt> deposit(Token arg0)
		{
			CandidArg arg = CandidArg.FromCandid(CandidTypedValue.FromObject(arg0));
			CandidArg reply = await this.Agent.CallAndWaitAsync(this.CanisterId, "deposit", arg);
			return reply.ToObjects<Models.DepositReceipt>(this.Converter);
		}

		public async System.Threading.Tasks.Task<List<Models.Balance>> getAllBalances()
		{
			CandidArg arg = CandidArg.FromCandid();
			QueryResponse response = await this.Agent.QueryAsync(this.CanisterId, "getAllBalances", arg);
			CandidArg reply = response.ThrowOrGetReply();
			return reply.ToObjects<List<Models.Balance>>(this.Converter);
		}

		public async System.Threading.Tasks.Task<UnboundedUInt> getBalance(Token arg0)
		{
			CandidArg arg = CandidArg.FromCandid(CandidTypedValue.FromObject(arg0));
			QueryResponse response = await this.Agent.QueryAsync(this.CanisterId, "getBalance", arg);
			CandidArg reply = response.ThrowOrGetReply();
			return reply.ToObjects<UnboundedUInt>(this.Converter);
		}

		public async System.Threading.Tasks.Task<List<Models.Balance>> getBalances()
		{
			CandidArg arg = CandidArg.FromCandid();
			QueryResponse response = await this.Agent.QueryAsync(this.CanisterId, "getBalances", arg);
			CandidArg reply = response.ThrowOrGetReply();
			return reply.ToObjects<List<Models.Balance>>(this.Converter);
		}

		public async System.Threading.Tasks.Task<List<byte>> getDepositAddress()
		{
			CandidArg arg = CandidArg.FromCandid();
			CandidArg reply = await this.Agent.CallAndWaitAsync(this.CanisterId, "getDepositAddress", arg);
			return reply.ToObjects<List<byte>>(this.Converter);
		}

		public async System.Threading.Tasks.Task<OptionalValue<Models.Order>> getOrder(OrderId arg0)
		{
			CandidArg arg = CandidArg.FromCandid(CandidTypedValue.FromObject(arg0));
			CandidArg reply = await this.Agent.CallAndWaitAsync(this.CanisterId, "getOrder", arg);
			return reply.ToObjects<OptionalValue<Models.Order>>(this.Converter);
		}

		public async System.Threading.Tasks.Task<List<Models.Order>> getOrders()
		{
			CandidArg arg = CandidArg.FromCandid();
			CandidArg reply = await this.Agent.CallAndWaitAsync(this.CanisterId, "getOrders", arg);
			return reply.ToObjects<List<Models.Order>>(this.Converter);
		}

		public async System.Threading.Tasks.Task<string> getSymbol(Token arg0)
		{
			CandidArg arg = CandidArg.FromCandid(CandidTypedValue.FromObject(arg0));
			CandidArg reply = await this.Agent.CallAndWaitAsync(this.CanisterId, "getSymbol", arg);
			return reply.ToObjects<string>(this.Converter);
		}

		public async System.Threading.Tasks.Task<Models.OrderPlacementReceipt> placeOrder(Token arg0, UnboundedUInt arg1, Token arg2, UnboundedUInt arg3)
		{
			CandidArg arg = CandidArg.FromCandid(CandidTypedValue.FromObject(arg0), CandidTypedValue.FromObject(arg1), CandidTypedValue.FromObject(arg2), CandidTypedValue.FromObject(arg3));
			CandidArg reply = await this.Agent.CallAndWaitAsync(this.CanisterId, "placeOrder", arg);
			return reply.ToObjects<Models.OrderPlacementReceipt>(this.Converter);
		}

		public async System.Threading.Tasks.Task<Principal> whoami()
		{
			CandidArg arg = CandidArg.FromCandid();
			QueryResponse response = await this.Agent.QueryAsync(this.CanisterId, "whoami", arg);
			CandidArg reply = response.ThrowOrGetReply();
			return reply.ToObjects<Principal>(this.Converter);
		}

		public async System.Threading.Tasks.Task<Models.WithdrawReceipt> withdraw(Token arg0, UnboundedUInt arg1, Principal arg2)
		{
			CandidArg arg = CandidArg.FromCandid(CandidTypedValue.FromObject(arg0), CandidTypedValue.FromObject(arg1), CandidTypedValue.FromObject(arg2));
			CandidArg reply = await this.Agent.CallAndWaitAsync(this.CanisterId, "withdraw", arg);
			return reply.ToObjects<Models.WithdrawReceipt>(this.Converter);
		}
	}
}

Type File: 'WithdrawReceipt'

using Token = EdjCase.ICP.Candid.Models.Principal;
using OrderId = System.UInt32;
using EdjCase.ICP.Candid.Mapping;
using Test.Models;
using EdjCase.ICP.Candid.Models;
using System;

namespace Test.Models
{
	[Variant(typeof(WithdrawReceiptTag))]
	public class WithdrawReceipt
	{
		[VariantTagProperty()]
		public WithdrawReceiptTag Tag { get; set; }

		[VariantValueProperty()]
		public System.Object? Value { get; set; }

		public WithdrawReceipt(WithdrawReceiptTag tag, object? value)
		{
			this.Tag = tag;
			this.Value = value;
		}

		protected WithdrawReceipt()
		{
		}

		public static WithdrawReceipt Err(WithdrawErr info)
		{
			return new WithdrawReceipt(WithdrawReceiptTag.Err, info);
		}

		public static WithdrawReceipt Ok(UnboundedUInt info)
		{
			return new WithdrawReceipt(WithdrawReceiptTag.Ok, info);
		}

		public WithdrawErr AsErr()
		{
			this.ValidateTag(WithdrawReceiptTag.Err);
			return (WithdrawErr)this.Value!;
		}

		public UnboundedUInt AsOk()
		{
			this.ValidateTag(WithdrawReceiptTag.Ok);
			return (UnboundedUInt)this.Value!;
		}

		private void ValidateTag(WithdrawReceiptTag tag)
		{
			if (!this.Tag.Equals(tag))
			{
				throw new InvalidOperationException($"Cannot cast '{this.Tag}' to type '{tag}'");
			}
		}
	}

	public enum WithdrawReceiptTag
	{
		[VariantOptionType(typeof(WithdrawErr))]
		Err,
		[VariantOptionType(typeof(UnboundedUInt))]
		Ok
	}
}

Type File: 'WithdrawErr'

using Token = EdjCase.ICP.Candid.Models.Principal;
using OrderId = System.UInt32;

namespace Test.Models
{
	public enum WithdrawErr
	{
		BalanceLow,
		TransferFailure
	}
}

Type File: 'OrderPlacementReceipt'

using Token = EdjCase.ICP.Candid.Models.Principal;
using OrderId = System.UInt32;
using EdjCase.ICP.Candid.Mapping;
using Test.Models;
using EdjCase.ICP.Candid.Models;
using System;

namespace Test.Models
{
	[Variant(typeof(OrderPlacementReceiptTag))]
	public class OrderPlacementReceipt
	{
		[VariantTagProperty()]
		public OrderPlacementReceiptTag Tag { get; set; }

		[VariantValueProperty()]
		public System.Object? Value { get; set; }

		public OrderPlacementReceipt(OrderPlacementReceiptTag tag, object? value)
		{
			this.Tag = tag;
			this.Value = value;
		}

		protected OrderPlacementReceipt()
		{
		}

		public static OrderPlacementReceipt Err(OrderPlacementErr info)
		{
			return new OrderPlacementReceipt(OrderPlacementReceiptTag.Err, info);
		}

		public static OrderPlacementReceipt Ok(OptionalValue<Order> info)
		{
			return new OrderPlacementReceipt(OrderPlacementReceiptTag.Ok, info);
		}

		public OrderPlacementErr AsErr()
		{
			this.ValidateTag(OrderPlacementReceiptTag.Err);
			return (OrderPlacementErr)this.Value!;
		}

		public OptionalValue<Order> AsOk()
		{
			this.ValidateTag(OrderPlacementReceiptTag.Ok);
			return (OptionalValue<Order>)this.Value!;
		}

		private void ValidateTag(OrderPlacementReceiptTag tag)
		{
			if (!this.Tag.Equals(tag))
			{
				throw new InvalidOperationException($"Cannot cast '{this.Tag}' to type '{tag}'");
			}
		}
	}

	public enum OrderPlacementReceiptTag
	{
		[VariantOptionType(typeof(OrderPlacementErr))]
		Err,
		[VariantOptionType(typeof(OptionalValue<Order>))]
		Ok
	}
}

Type File: 'OrderPlacementErr'

using Token = EdjCase.ICP.Candid.Models.Principal;
using OrderId = System.UInt32;

namespace Test.Models
{
	public enum OrderPlacementErr
	{
		InvalidOrder,
		OrderBookFull
	}
}

Type File: 'Order'

using Token = EdjCase.ICP.Candid.Models.Principal;
using OrderId = System.UInt32;
using EdjCase.ICP.Candid.Models;

namespace Test.Models
{
	public class Order
	{
		public Token from { get; set; }

		public UnboundedUInt fromAmount { get; set; }

		public OrderId id { get; set; }

		public Principal owner { get; set; }

		public Token to { get; set; }

		public UnboundedUInt toAmount { get; set; }

		public Order(Token from, UnboundedUInt fromAmount, OrderId id, Principal owner, Token to, UnboundedUInt toAmount)
		{
			this.from = from;
			this.fromAmount = fromAmount;
			this.id = id;
			this.owner = owner;
			this.to = to;
			this.toAmount = toAmount;
		}

		public Order()
		{
		}
	}
}

Type File: 'DepositReceipt'

using Token = EdjCase.ICP.Candid.Models.Principal;
using OrderId = System.UInt32;
using EdjCase.ICP.Candid.Mapping;
using Test.Models;
using EdjCase.ICP.Candid.Models;
using System;

namespace Test.Models
{
	[Variant(typeof(DepositReceiptTag))]
	public class DepositReceipt
	{
		[VariantTagProperty()]
		public DepositReceiptTag Tag { get; set; }

		[VariantValueProperty()]
		public System.Object? Value { get; set; }

		public DepositReceipt(DepositReceiptTag tag, object? value)
		{
			this.Tag = tag;
			this.Value = value;
		}

		protected DepositReceipt()
		{
		}

		public static DepositReceipt Err(DepositErr info)
		{
			return new DepositReceipt(DepositReceiptTag.Err, info);
		}

		public static DepositReceipt Ok(UnboundedUInt info)
		{
			return new DepositReceipt(DepositReceiptTag.Ok, info);
		}

		public DepositErr AsErr()
		{
			this.ValidateTag(DepositReceiptTag.Err);
			return (DepositErr)this.Value!;
		}

		public UnboundedUInt AsOk()
		{
			this.ValidateTag(DepositReceiptTag.Ok);
			return (UnboundedUInt)this.Value!;
		}

		private void ValidateTag(DepositReceiptTag tag)
		{
			if (!this.Tag.Equals(tag))
			{
				throw new InvalidOperationException($"Cannot cast '{this.Tag}' to type '{tag}'");
			}
		}
	}

	public enum DepositReceiptTag
	{
		[VariantOptionType(typeof(DepositErr))]
		Err,
		[VariantOptionType(typeof(UnboundedUInt))]
		Ok
	}
}

Type File: 'DepositErr'

using Token = EdjCase.ICP.Candid.Models.Principal;
using OrderId = System.UInt32;

namespace Test.Models
{
	public enum DepositErr
	{
		BalanceLow,
		TransferFailure
	}
}

Type File: 'CancelOrderReceipt'

using Token = EdjCase.ICP.Candid.Models.Principal;
using OrderId = System.UInt32;
using EdjCase.ICP.Candid.Mapping;
using Test.Models;
using System;

namespace Test.Models
{
	[Variant(typeof(CancelOrderReceiptTag))]
	public class CancelOrderReceipt
	{
		[VariantTagProperty()]
		public CancelOrderReceiptTag Tag { get; set; }

		[VariantValueProperty()]
		public System.Object? Value { get; set; }

		public CancelOrderReceipt(CancelOrderReceiptTag tag, object? value)
		{
			this.Tag = tag;
			this.Value = value;
		}

		protected CancelOrderReceipt()
		{
		}

		public static CancelOrderReceipt Err(CancelOrderErr info)
		{
			return new CancelOrderReceipt(CancelOrderReceiptTag.Err, info);
		}

		public static CancelOrderReceipt Ok(OrderId info)
		{
			return new CancelOrderReceipt(CancelOrderReceiptTag.Ok, info);
		}

		public CancelOrderErr AsErr()
		{
			this.ValidateTag(CancelOrderReceiptTag.Err);
			return (CancelOrderErr)this.Value!;
		}

		public OrderId AsOk()
		{
			this.ValidateTag(CancelOrderReceiptTag.Ok);
			return (OrderId)this.Value!;
		}

		private void ValidateTag(CancelOrderReceiptTag tag)
		{
			if (!this.Tag.Equals(tag))
			{
				throw new InvalidOperationException($"Cannot cast '{this.Tag}' to type '{tag}'");
			}
		}
	}

	public enum CancelOrderReceiptTag
	{
		[VariantOptionType(typeof(CancelOrderErr))]
		Err,
		[VariantOptionType(typeof(OrderId))]
		Ok
	}
}

Type File: 'CancelOrderErr'

using Token = EdjCase.ICP.Candid.Models.Principal;
using OrderId = System.UInt32;

namespace Test.Models
{
	public enum CancelOrderErr
	{
		NotAllowed,
		NotExistingOrder
	}
}

Type File: 'Balance'

using Token = EdjCase.ICP.Candid.Models.Principal;
using OrderId = System.UInt32;
using EdjCase.ICP.Candid.Models;

namespace Test.Models
{
	public class Balance
	{
		public UnboundedUInt amount { get; set; }

		public Principal owner { get; set; }

		public Token token { get; set; }

		public Balance(UnboundedUInt amount, Principal owner, Token token)
		{
			this.amount = amount;
			this.owner = owner;
			this.token = token;
		}

		public Balance()
		{
		}
	}
}
