using EdjCase.ICP.Agent.Agents;
using EdjCase.ICP.Candid.Models;
using EdjCase.ICP.Candid;
using System.Threading.Tasks;
using Test;
using System.Collections.Generic;
using EdjCase.ICP.Agent.Responses;
using Token = EdjCase.ICP.Candid.Models.Principal;
using OrderId = System.UInt32;

namespace Test
{
	public class DexApiClient
	{
		public IAgent Agent { get; }

		public Principal CanisterId { get; }

		public CandidConverter Converter { get; }

		public DexApiClient(IAgent agent, Principal canisterId, CandidConverter converter = default)
		{
			this.Agent = agent;
			this.CanisterId = canisterId;
			this.Converter = converter;
		}

		public async Task<CancelOrderReceipt> cancelOrder(OrderId arg0)
		{
			CandidArg arg = CandidArg.FromCandid(CandidTypedValue.FromObject(arg0));
			CandidArg reply = await this.Agent.CallAndWaitAsync(this.CanisterId, "cancelOrder", arg);
			return reply.ToObjects<CancelOrderReceipt>(this.Converter);
		}

		public async Task clear()
		{
			CandidArg arg = CandidArg.FromCandid();
			await this.Agent.CallAsync(this.CanisterId, "clear", arg);
		}

		public async Task credit(Principal arg0, Token arg1, UnboundedUInt arg2)
		{
			CandidArg arg = CandidArg.FromCandid(CandidTypedValue.FromObject(arg0), CandidTypedValue.FromObject(arg1), CandidTypedValue.FromObject(arg2));
			await this.Agent.CallAsync(this.CanisterId, "credit", arg);
		}

		public async Task<DepositReceipt> deposit(Token arg0)
		{
			CandidArg arg = CandidArg.FromCandid(CandidTypedValue.FromObject(arg0));
			CandidArg reply = await this.Agent.CallAndWaitAsync(this.CanisterId, "deposit", arg);
			return reply.ToObjects<DepositReceipt>(this.Converter);
		}

		public async Task<List<Balance>> getAllBalances()
		{
			CandidArg arg = CandidArg.FromCandid();
			QueryResponse response = await this.Agent.QueryAsync(this.CanisterId, "getAllBalances", arg);
			CandidArg reply = response.ThrowOrGetReply();
			return reply.ToObjects<List<Balance>>(this.Converter);
		}

		public async Task<UnboundedUInt> getBalance(Token arg0)
		{
			CandidArg arg = CandidArg.FromCandid(CandidTypedValue.FromObject(arg0));
			QueryResponse response = await this.Agent.QueryAsync(this.CanisterId, "getBalance", arg);
			CandidArg reply = response.ThrowOrGetReply();
			return reply.ToObjects<UnboundedUInt>(this.Converter);
		}

		public async Task<List<Balance>> getBalances()
		{
			CandidArg arg = CandidArg.FromCandid();
			QueryResponse response = await this.Agent.QueryAsync(this.CanisterId, "getBalances", arg);
			CandidArg reply = response.ThrowOrGetReply();
			return reply.ToObjects<List<Balance>>(this.Converter);
		}

		public async Task<List<byte>> getDepositAddress()
		{
			CandidArg arg = CandidArg.FromCandid();
			CandidArg reply = await this.Agent.CallAndWaitAsync(this.CanisterId, "getDepositAddress", arg);
			return reply.ToObjects<List<byte>>(this.Converter);
		}

		public async Task<Order> getOrder(OrderId arg0)
		{
			CandidArg arg = CandidArg.FromCandid(CandidTypedValue.FromObject(arg0));
			CandidArg reply = await this.Agent.CallAndWaitAsync(this.CanisterId, "getOrder", arg);
			return reply.ToObjects<Order>(this.Converter);
		}

		public async Task<List<Order>> getOrders()
		{
			CandidArg arg = CandidArg.FromCandid();
			CandidArg reply = await this.Agent.CallAndWaitAsync(this.CanisterId, "getOrders", arg);
			return reply.ToObjects<List<Order>>(this.Converter);
		}

		public async Task<string> getSymbol(Token arg0)
		{
			CandidArg arg = CandidArg.FromCandid(CandidTypedValue.FromObject(arg0));
			CandidArg reply = await this.Agent.CallAndWaitAsync(this.CanisterId, "getSymbol", arg);
			return reply.ToObjects<string>(this.Converter);
		}

		public async Task<OrderPlacementReceipt> placeOrder(Token arg0, UnboundedUInt arg1, Token arg2, UnboundedUInt arg3)
		{
			CandidArg arg = CandidArg.FromCandid(CandidTypedValue.FromObject(arg0), CandidTypedValue.FromObject(arg1), CandidTypedValue.FromObject(arg2), CandidTypedValue.FromObject(arg3));
			CandidArg reply = await this.Agent.CallAndWaitAsync(this.CanisterId, "placeOrder", arg);
			return reply.ToObjects<OrderPlacementReceipt>(this.Converter);
		}

		public async Task<Principal> whoami()
		{
			CandidArg arg = CandidArg.FromCandid();
			QueryResponse response = await this.Agent.QueryAsync(this.CanisterId, "whoami", arg);
			CandidArg reply = response.ThrowOrGetReply();
			return reply.ToObjects<Principal>(this.Converter);
		}

		public async Task<WithdrawReceipt> withdraw(Token arg0, UnboundedUInt arg1, Principal arg2)
		{
			CandidArg arg = CandidArg.FromCandid(CandidTypedValue.FromObject(arg0), CandidTypedValue.FromObject(arg1), CandidTypedValue.FromObject(arg2));
			CandidArg reply = await this.Agent.CallAndWaitAsync(this.CanisterId, "withdraw", arg);
			return reply.ToObjects<WithdrawReceipt>(this.Converter);
		}
	}
}

Type File: 'WithdrawReceipt'

using EdjCase.ICP.Candid.Mapping;
using Test;
using EdjCase.ICP.Candid.Models;

namespace Test
{
	[Variant()]
	public class WithdrawReceipt
	{
		[VariantTagProperty()]
		public WithdrawReceiptTag Tag { get; set; }

		[VariantValueProperty()]
		public object Value { get; set; }

		public WithdrawErr Err { get => this.Tag == WithdrawReceiptTag.Err ? (WithdrawErr)this.Value! : default; set => (this.Tag, this.Value) = (WithdrawReceiptTag.Err, value); }

		public UnboundedUInt Ok { get => this.Tag == WithdrawReceiptTag.Ok ? (UnboundedUInt)this.Value! : default; set => (this.Tag, this.Value) = (WithdrawReceiptTag.Ok, value); }

		public WithdrawReceipt(WithdrawReceiptTag tag, object value)
		{
			this.Tag = tag;
			this.Value = value;
		}

		protected WithdrawReceipt()
		{
		}
	}

	public enum WithdrawReceiptTag
	{
		Err,
		Ok
	}
}

Type File: 'WithdrawErr'

namespace Test
{
	public enum WithdrawErr
	{
		BalanceLow,
		TransferFailure
	}
}

Type File: 'OrderPlacementReceipt'

using EdjCase.ICP.Candid.Mapping;
using Test;

namespace Test
{
	[Variant()]
	public class OrderPlacementReceipt
	{
		[VariantTagProperty()]
		public OrderPlacementReceiptTag Tag { get; set; }

		[VariantValueProperty()]
		public object Value { get; set; }

		public OrderPlacementErr Err { get => this.Tag == OrderPlacementReceiptTag.Err ? (OrderPlacementErr)this.Value! : default; set => (this.Tag, this.Value) = (OrderPlacementReceiptTag.Err, value); }

		public Order Ok { get => this.Tag == OrderPlacementReceiptTag.Ok ? (Order)this.Value! : default; set => (this.Tag, this.Value) = (OrderPlacementReceiptTag.Ok, value); }

		public OrderPlacementReceipt(OrderPlacementReceiptTag tag, object value)
		{
			this.Tag = tag;
			this.Value = value;
		}

		protected OrderPlacementReceipt()
		{
		}
	}

	public enum OrderPlacementReceiptTag
	{
		Err,
		Ok
	}
}

Type File: 'OrderPlacementErr'

namespace Test
{
	public enum OrderPlacementErr
	{
		InvalidOrder,
		OrderBookFull
	}
}

Type File: 'Order'

using EdjCase.ICP.Candid.Models;
using Token = EdjCase.ICP.Candid.Models.Principal;
using OrderId = System.UInt32;

namespace Test
{
	public class Order
	{
		public Token from { get; set; }

		public UnboundedUInt fromAmount { get; set; }

		public OrderId id { get; set; }

		public Principal owner { get; set; }

		public Token to { get; set; }

		public UnboundedUInt toAmount { get; set; }

		public Order(Token from, UnboundedUInt fromAmount, OrderId id, Principal owner, Token to, UnboundedUInt toAmount)
		{
			this.from = from;
			this.fromAmount = fromAmount;
			this.id = id;
			this.owner = owner;
			this.to = to;
			this.toAmount = toAmount;
		}

		public Order()
		{
		}
	}
}

Type File: 'DepositReceipt'

using EdjCase.ICP.Candid.Mapping;
using Test;
using EdjCase.ICP.Candid.Models;

namespace Test
{
	[Variant()]
	public class DepositReceipt
	{
		[VariantTagProperty()]
		public DepositReceiptTag Tag { get; set; }

		[VariantValueProperty()]
		public object Value { get; set; }

		public DepositErr Err { get => this.Tag == DepositReceiptTag.Err ? (DepositErr)this.Value! : default; set => (this.Tag, this.Value) = (DepositReceiptTag.Err, value); }

		public UnboundedUInt Ok { get => this.Tag == DepositReceiptTag.Ok ? (UnboundedUInt)this.Value! : default; set => (this.Tag, this.Value) = (DepositReceiptTag.Ok, value); }

		public DepositReceipt(DepositReceiptTag tag, object value)
		{
			this.Tag = tag;
			this.Value = value;
		}

		protected DepositReceipt()
		{
		}
	}

	public enum DepositReceiptTag
	{
		Err,
		Ok
	}
}

Type File: 'DepositErr'

namespace Test
{
	public enum DepositErr
	{
		BalanceLow,
		TransferFailure
	}
}

Type File: 'CancelOrderReceipt'

using EdjCase.ICP.Candid.Mapping;
using Test;
using OrderId = System.UInt32;

namespace Test
{
	[Variant()]
	public class CancelOrderReceipt
	{
		[VariantTagProperty()]
		public CancelOrderReceiptTag Tag { get; set; }

		[VariantValueProperty()]
		public object Value { get; set; }

		public CancelOrderErr Err { get => this.Tag == CancelOrderReceiptTag.Err ? (CancelOrderErr)this.Value! : default; set => (this.Tag, this.Value) = (CancelOrderReceiptTag.Err, value); }

		public OrderId? Ok { get => this.Tag == CancelOrderReceiptTag.Ok ? (OrderId)this.Value! : default; set => (this.Tag, this.Value) = (CancelOrderReceiptTag.Ok, value); }

		public CancelOrderReceipt(CancelOrderReceiptTag tag, object value)
		{
			this.Tag = tag;
			this.Value = value;
		}

		protected CancelOrderReceipt()
		{
		}
	}

	public enum CancelOrderReceiptTag
	{
		Err,
		Ok
	}
}

Type File: 'CancelOrderErr'

namespace Test
{
	public enum CancelOrderErr
	{
		NotAllowed,
		NotExistingOrder
	}
}

Type File: 'Balance'

using EdjCase.ICP.Candid.Models;
using Token = EdjCase.ICP.Candid.Models.Principal;

namespace Test
{
	public class Balance
	{
		public UnboundedUInt amount { get; set; }

		public Principal owner { get; set; }

		public Token token { get; set; }

		public Balance(UnboundedUInt amount, Principal owner, Token token)
		{
			this.amount = amount;
			this.owner = owner;
			this.token = token;
		}

		public Balance()
		{
		}
	}
}
