using EdjCase.ICP.Agent.Agents;
using EdjCase.ICP.Candid.Models;
using EdjCase.ICP.Candid;
using System.Threading.Tasks;
using Test;
using EdjCase.ICP.Agent.Responses;

namespace Test
{
	public class DuplicatePropertyNamesApiClient
	{
		public IAgent Agent { get; }

		public Principal CanisterId { get; }

		public CandidConverter? Converter { get; }

		public DuplicatePropertyNamesApiClient(IAgent agent, Principal canisterId, CandidConverter? converter = default)
		{
			this.Agent = agent;
			this.CanisterId = canisterId;
			this.Converter = converter;
		}

		public async Task<Result> A()
		{
			CandidArg arg = CandidArg.FromCandid();
			QueryResponse response = await this.Agent.QueryAsync(this.CanisterId, "a", arg);
			CandidArg reply = response.ThrowOrGetReply();
			return reply.ToObjects<Result>(this.Converter);
		}
	}
}

Type File: 'Result'

using EdjCase.ICP.Candid.Mapping;

namespace Test
{
	public class Result
	{
		[CandidName("a")]
		public ulong A { get; set; }

		[CandidName("_a")]
		public ulong _A { get; set; }

		public Result(ulong a, ulong _a)
		{
			this.A = a;
			this._A = _a;
		}

		public Result()
		{
		}
	}
}
