"MEgwBQYDK2VwAz8AMDwwDAYKKwYBBAGDuEMBAgMsAAoAAAAAAAAABwEBpFHRgpuEPiqr3UnqWQZol4pzYSBnvd4LhQL4REUqdVg="
