"asPm47GIIX5pq36guGQAX4SI47XbKnjNmkrRrK66D0curA2sBQ/FHjHSUYOURbcUGXwnu/IaqbJydVM+XT7QDw=="
