7E5FD75C415E685E4E05226C4BB3C26D20A6A1B3996C0150043B556EDA07245C2918452C22D7E103F9B4DE648F04F7E0C77E211A6ED9ECCCF3339C48D3DAA20C
